// Jest Snapshot v1, https://goo.gl/fbAQLP

exports[`DropList 1`] = `<noscript />`;
