// Jest Snapshot v1, https://goo.gl/fbAQLP

exports[`Todo Component render 1`] = `
<div>
  <div
    className="todo"
  >
    <div
      className="todo--main"
    >
      <div
        className="checkbox"
        onClick={undefined}
      >
        <label
          className="checkbox--mock"
        >
          <input
            checked={undefined}
            defaultChecked={1}
            onChange={[Function]}
            type="checkbox"
          />
          <i
            aria-hidden="true"
            className="fa fa-square-o"
          />
        </label>
      </div>
      <div
        className="todo--content"
        onClick={[Function]}
        style={
          Object {
            "display": "block",
          }
        }
      >
        I'am a Todo.
      </div>
      <textarea
        className="todo--content__input"
        defaultValue="I'am a Todo."
        onChange={[Function]}
        onKeyDown={[Function]}
        style={
          Object {
            "display": "none",
            "height": 0,
          }
        }
      />
      <div
        className="todo-hover-operation"
      >
        <img
          className="image-icon"
          onClick={[Function]}
          src="/assets/icons/chart.png"
        />
        <img
          className="image-icon icon-delete"
          onClick={[Function]}
          src="/assets/icons/remove-red.png"
        />
      </div>
      <div
        className="star-checkbox"
        onClick={undefined}
      >
        <input
          defaultChecked={0}
          id={0}
          onChange={[Function]}
          type="checkbox"
        />
        <label
          className="star-checkbox--mock"
          htmlFor={0}
        />
      </div>
    </div>
    <div
      className="todo-editing--meta"
      style={
        Object {
          "display": "none",
        }
      }
    >
      <div
        className="todo-editing--deadline"
      >
        <img
          className="image-icon icon-repeat"
          src="/assets/icons/repeat.png"
        />
        <label>
          Deadline:
        </label>
        <div
          className="date-picker"
        >
          <span
            className="date-picker--text placeholder"
            onClick={[Function]}
          >
            YYYY-MM-DD
          </span>
          <noscript />
        </div>
      </div>
      <div
        className="todo-editing--repeat"
      >
        <img
          className="image-icon icon-date"
          src="/assets/icons/date.png"
        />
        <label>
          Repeat:
        </label>
        <div
          className="select"
        >
          <div
            className="select--box select-box__closed"
            onClick={[Function]}
          >
            <p
              className="select-box--name"
            >
              None
            </p>
            <test-file-stub />
          </div>
          <ul
            className="select--container"
            style={
              Object {
                "display": "none",
              }
            }
          >
            <li
              className="select--item"
              onClick={[Function]}
            >
              None
            </li>
            <li
              className="select--item"
              onClick={[Function]}
            >
              Every Day
            </li>
            <li
              className="select--item"
              onClick={[Function]}
            >
              Two Day
            </li>
            <li
              className="select--item"
              onClick={[Function]}
            >
              Week
            </li>
          </ul>
        </div>
      </div>
    </div>
  </div>
</div>
`;
