// Jest Snapshot v1, https://goo.gl/fbAQLP

exports[`TodoCreater Component render 1`] = `
<div
  className="todo-creater--toggle"
  onClick={[Function]}
>
  <i
    aria-hidden="true"
    className="fa fa-plus"
  />
  <span
    className="toggle-text"
  >
    Add Todo
  </span>
</div>
`;
