// Jest Snapshot v1, https://goo.gl/fbAQLP

exports[`BorderLessSelector 1`] = `
<div
  className="BorderLessSelector"
  style={
    Object {
      "width": 100,
    }
  }
>
  <div
    className="AppSelect css-2b097c-container"
    onKeyDown={[Function]}
  >
    <div
      onMouseDown={[Function]}
      onTouchEnd={[Function]}
      style={
        Object {
          "cursor": "pointer",
          "position": "relative",
        }
      }
    >
      <div
        className="App-select__value-container css-1hwfws3"
      >
        <div
          className="App-select__placeholder css-1wa3eu0-placeholder"
        >
          Select...
        </div>
        <div
          className="css-w8afj7-Input"
        >
          <div
            className="App-select__input"
            style={
              Object {
                "display": "inline-block",
              }
            }
          >
            <input
              aria-autocomplete="list"
              autoCapitalize="none"
              autoComplete="off"
              autoCorrect="off"
              disabled={false}
              id="react-select-2-input"
              onBlur={[Function]}
              onChange={[Function]}
              onFocus={[Function]}
              spellCheck="false"
              style={
                Object {
                  "background": 0,
                  "border": 0,
                  "boxSizing": "content-box",
                  "color": "inherit",
                  "fontSize": "inherit",
                  "label": "input",
                  "opacity": 1,
                  "outline": 0,
                  "padding": 0,
                  "width": "1px",
                }
              }
              tabIndex="0"
              type="text"
              value=""
            />
            <div
              style={
                Object {
                  "height": 0,
                  "left": 0,
                  "overflow": "scroll",
                  "position": "absolute",
                  "top": 0,
                  "visibility": "hidden",
                  "whiteSpace": "pre",
                }
              }
            >
              
            </div>
          </div>
        </div>
      </div>
      <div
        className="App-select__indicators css-9y64sj-IndicatorsContainer"
      >
        <span
          className="App-select__indicator-separator css-1okebmr-indicatorSeparator"
        />
      </div>
    </div>
  </div>
</div>
`;
